▲ Next.js 16.2.10 (Turbopack)
- Environments: .env.local

  Creating an optimized production build ...
✓ Compiled successfully in 8.9s
  Running TypeScript ...
  Finished TypeScript in 5.3s ...
  Collecting page data using 3 workers ...
  Generating static pages using 3 workers (0/8) ...
⚠ metadataBase property in metadata export is not set for resolving social open graph or twitter images, using "http://localhost:3000". See https://nextjs.org/docs/app/api-reference/functions/generate-metadata#metadatabase
  Generating static pages using 3 workers (2/8) 
  Generating static pages using 3 workers (4/8) 
  Generating static pages using 3 workers (6/8) 
✓ Generating static pages using 3 workers (8/8) in 7.6s
  Finalizing page optimization ...

Route (app)           Revalidate  Expire
┌ ○ /                         1m      1y
├ ○ /_not-found
├ ○ /gallery
├ ○ /inventory-test           1m      1y
├ ƒ /products/[slug]
├ ○ /robots.txt
└ ○ /sitemap.xml


○  (Static)   prerendered as static content
ƒ  (Dynamic)  server-rendered on demand

